
components/features/bu
rsary/PayrollManagemen
t.tsx(135,101): error 
TS2345: Argument of 
type 'string' is not 
assignable to 
parameter of type 
'number'.
components/features/bu
rsary/PayrollManagemen
t.tsx(140,122): error 
TS2345: Argument of 
type 'string' is not 
assignable to 
parameter of type 
'number'.
components/features/bu
rsary/PayrollManagemen
t.tsx(207,83): error 
TS2339: Property 
'basic_salary' does 
not exist on type 
'Staff'.
components/features/bu
rsary/PayrollManagemen
t.tsx(209,48): error 
TS2339: Property 
'bank_name' does not 
exist on type 'Staff'.
components/features/bu
rsary/PayrollManagemen
t.tsx(209,69): error 
TS2339: Property 
'bank_name' does not 
exist on type 'Staff'.
components/features/bu
rsary/PayrollManagemen
t.tsx(209,90): error 
TS2339: Property 
'account_number' does 
not exist on type 
'Staff'.
components/features/bu
rsary/PayrollManagemen
t.tsx(212,106): error 
TS2345: Argument of 
type 'Staff' is not 
assignable to 
parameter of type 
'Teacher'.


